==================================================================
 Tier B live validation - started Sun Sep  6 13:41:37 IST 2026
==================================================================
Traceback (most recent call last):
  File "/home/faculty/srmist1/Swarm-coord-in-ddil/.venv/lib/python3.11/site-packages/huggingface_hub/utils/_http.py", line 808, in hf_raise_for_status
    response.raise_for_status()
  File "/home/faculty/srmist1/Swarm-coord-in-ddil/.venv/lib/python3.11/site-packages/httpx/_models.py", line 829, in raise_for_status
    raise HTTPStatusError(message, request=request, response=self)
httpx.HTTPStatusError: Client error '401 Unauthorized' for url 'https://huggingface.co/api/whoami-v2'
For more information check: https://developer.mozilla.org/en-US/docs/Web/HTTP/Status/401

The above exception was the direct cause of the following exception:

Traceback (most recent call last):
  File "/home/faculty/srmist1/Swarm-coord-in-ddil/.venv/lib/python3.11/site-packages/huggingface_hub/hf_api.py", line 2377, in _inner_whoami
    hf_raise_for_status(r)
  File "/home/faculty/srmist1/Swarm-coord-in-ddil/.venv/lib/python3.11/site-packages/huggingface_hub/utils/_http.py", line 938, in hf_raise_for_status
    raise _format(HfHubHTTPError, str(e), response) from e
huggingface_hub.errors.HfHubHTTPError: Client error '401 Unauthorized' for url 'https://huggingface.co/api/whoami-v2' (Request ID: Root=1-6a9d2047-6c3ba43513f6193c12d22d9f;08ec35ee-400f-4c6c-87df-8c6bb574cf9f)
For more information check: https://developer.mozilla.org/en-US/docs/Web/HTTP/Status/401

Invalid username or password.

The above exception was the direct cause of the following exception:

Traceback (most recent call last):
  File "<stdin>", line 2, in <module>
  File "/home/faculty/srmist1/Swarm-coord-in-ddil/.venv/lib/python3.11/site-packages/huggingface_hub/utils/_validators.py", line 88, in _inner_fn
    return fn(*args, **kwargs)
           ^^^^^^^^^^^^^^^^^^^
  File "/home/faculty/srmist1/Swarm-coord-in-ddil/.venv/lib/python3.11/site-packages/huggingface_hub/hf_api.py", line 2364, in whoami
    output = self._inner_whoami(token=token)
             ^^^^^^^^^^^^^^^^^^^^^^^^^^^^^^^
  File "/home/faculty/srmist1/Swarm-coord-in-ddil/.venv/lib/python3.11/site-packages/huggingface_hub/hf_api.py", line 2393, in _inner_whoami
    raise HfHubHTTPError(error_message, response=e.response) from e
huggingface_hub.errors.HfHubHTTPError: Invalid user token. The token from HF_TOKEN environment variable is invalid. Note that HF_TOKEN takes precedence over `hf auth login`.
[ERROR] HF_TOKEN invalid.
