wandb: [wandb.login()] Loaded credentials for https://api.wandb.ai from WANDB_API_KEY.
wandb: Currently logged in as: aadisharma (aadis-legendary) to https://api.wandb.ai. Use `wandb login --relogin` to force relogin
wandb: setting up run l787t8kr
wandb: Tracking run with wandb version 0.29.0
wandb: Run data is saved locally in /home/faculty/srmist1/Swarm-coord-in-ddil/wandb/run-20260905_163413-l787t8kr
wandb: Run `wandb offline` to turn off syncing.
wandb: Syncing run ablation-N50-t100
wandb: ⭐️ View project at https://wandb.ai/aadis-legendary/incis2027-ddil
wandb: 🚀 View run at https://wandb.ai/aadis-legendary/incis2027-ddil/runs/l787t8kr

============================================================================
  SYSTEMATIC ABLATION SUITE — AGENTIC SLM ARCHITECTURE
  Evaluating 5 Architectural Variants across 9 Drop Rates
  Nodes: 50 | Duration: 100.0t | Seeds: 10
============================================================================
[WANDB] Logging 'ablation' -> project 'incis2027-ddil'
  [seed 42] cumulative runs: 45
  [seed 43] cumulative runs: 90
  [seed 44] cumulative runs: 135
  [seed 45] cumulative runs: 180
  [seed 46] cumulative runs: 225
  [seed 47] cumulative runs: 270
  [seed 48] cumulative runs: 315
  [seed 49] cumulative runs: 360
  [seed 50] cumulative runs: 405
  [seed 51] cumulative runs: 450

[DONE] Ablation suite completed in 33.5 min
[OUTPUT] Ablation per-run results CSV written to: results/ablation_10seeds.csv
Traceback (most recent call last):
  File "/home/faculty/srmist1/Swarm-coord-in-ddil/empirical_ddil_simulation.py", line 1978, in <module>
    run_ablation_suite(seeds=args.seeds, drop_rates=DROP_RATE_SWEEP,
  File "/home/faculty/srmist1/Swarm-coord-in-ddil/empirical_ddil_simulation.py", line 1684, in run_ablation_suite
    render_ablation_plot(csv_rows, drop_rates)
    ^^^^^^^^^^^^^^^^^^^^
NameError: name 'render_ablation_plot' is not defined
[1;34mwandb[0m: 
[1;34mwandb[0m: 🚀 View run [33mablation-N50-t100[0m at: [34mhttps://wandb.ai/aadis-legendary/incis2027-ddil/runs/l787t8kr[0m
[1;34mwandb[0m: Find logs at: [1;35mwandb/run-20260905_163413-l787t8kr/logs[0m
