wandb: [wandb.login()] Loaded credentials for https://api.wandb.ai from WANDB_API_KEY.
wandb: Currently logged in as: aadisharma (aadis-legendary) to https://api.wandb.ai. Use `wandb login --relogin` to force relogin
wandb: setting up run 1aezxf0t
wandb: Tracking run with wandb version 0.29.0
wandb: Run data is saved locally in /home/faculty/srmist1/Swarm-coord-in-ddil/wandb/run-20260905_163413-1aezxf0t
wandb: Run `wandb offline` to turn off syncing.
wandb: Syncing run benchmark-N50-t100
wandb: ⭐️ View project at https://wandb.ai/aadis-legendary/incis2027-ddil
wandb: 🚀 View run at https://wandb.ai/aadis-legendary/incis2027-ddil/runs/1aezxf0t

============================================================================
  EMPIRICAL DDIL MULTI-AGENT SWARM BENCHMARK SUITE
  Nodes: 50 Swarm Nodes | Gilbert-Elliott Burst Channel
  Topology: Watts-Strogatz (k=6, p=0.3) | Duration: 100.0t
  Seeds: 10 paired seeds: [42, 43, 44, 45, 46]...
============================================================================
[WANDB] Logging 'benchmark' -> project 'incis2027-ddil'
  [seed 42] cumulative runs: 27
  [seed 43] cumulative runs: 54
  [seed 44] cumulative runs: 81
  [seed 45] cumulative runs: 108
  [seed 46] cumulative runs: 135
  [seed 47] cumulative runs: 162
  [seed 48] cumulative runs: 189
  [seed 49] cumulative runs: 216
  [seed 50] cumulative runs: 243
  [seed 51] cumulative runs: 270
wandb: uploading artifact benchmark_10seeds.csv; uploading artifact fig_sync_vs_drop.png; uploading artifact fig_energy_vs_drop.png; updating run metadata
wandb: uploading artifact benchmark_10seeds.csv; uploading artifact fig_sync_vs_drop.png; uploading artifact fig_energy_vs_drop.png
wandb: uploading artifact fig_sync_vs_drop.png; uploading artifact fig_energy_vs_drop.png
wandb: uploading artifact fig_energy_vs_drop.png
wandb: uploading artifact fig_energy_vs_drop.png; uploading output.log; uploading wandb-summary.json; uploading config.yaml
wandb: uploading history steps 242-269, summary, console lines 10-33
wandb: 
wandb: Run history:
wandb:      delivered_bytes ▇▇█▂█▆▄▃▂▁▂▁▂▃▂█▁▂▂▇█▁▁▂▂▂▁▇▃█▂▂▂▁▂▁▆▃▂▁
wandb:         delivery_pct █▆▅▃█▆▆▅▅▅▆▃▂▅▁█▅▅▃▄▇▆▃▄▇▆▆▇▅▃▃▅▁▄▇▆▆▅▃▄
wandb:              dpr_pct █▂██████▃█▂█▃▃▃██████▄█▃█▄███▂▁▁███▄██▂▂
wandb:            drop_rate ▅▅▆▇█▅▅▅▆▇▁▂▄▅█▂▃▅█▅▁▁▂▃▄▅▅▆▆█▄▁▃▁▂▄▂▅▆▇
wandb:            energy_kj ▂▂▁▃▃█▂▁▇▂▄▇▃▃▂▄▂▁▂▇█▁▃▄▂▂▃▃▂▂▁▇▇▂▂▁▁▂▁▁
wandb: injections_generated ▁▁▁▁▁▁▁▁▁▁▁▁▁▁▁▁▁▁▁▁▁▁▁▁▁▁▁▁▁▁▁▁▁▁▁▁▁▁▁▁
wandb:  injections_rejected ▁▁▁▁▁▁▁▁▁▁▁▁▁▁▁▁▁▁▁▁▁▁▁▁▁▁▁▁▁▁▁▁▁▁▁▁▁▁▁▁
wandb:            ips_score ▁▁██▁███▁▁█████▁▁████▁███▁█▁██▁███████▁▁
wandb:        llm_fallbacks ▁█▁█▁▁▁█▁█▁▁▁▁█▁▁█▁█▁▁▁█▁▁▁▁▁▁▁██▁▁█▁▁█▁
wandb:                 seed ▁▁▁▁▁▁▂▂▂▂▂▂▂▃▃▃▃▃▃▃▄▄▄▄▅▅▆▆▆▆▆▆▆▆▇▇▇▇██
wandb:                   +2 ...
wandb: 
wandb: Run summary:
wandb:      delivered_bytes 7328482
wandb:         delivery_pct 52.17
wandb:              dpr_pct 99.47
wandb:            drop_rate 0.8
wandb:            energy_kj 367.171
wandb: injections_generated 0
wandb:  injections_rejected 0
wandb:            ips_score 0.9937
wandb:        llm_fallbacks 2490
wandb:                 seed 51
wandb:                   +2 ...
wandb: 
wandb: 🚀 View run benchmark-N50-t100 at: https://wandb.ai/aadis-legendary/incis2027-ddil/runs/1aezxf0t
wandb: ⭐️ View project at: https://wandb.ai/aadis-legendary/incis2027-ddil
wandb: Synced 5 W&B file(s), 0 media file(s), 6 artifact file(s) and 0 other file(s)
wandb: Find logs at: ./wandb/run-20260905_163413-1aezxf0t/logs

[DONE] Benchmark sweep (10 seeds x 9 drops x 3 modes) completed in 83.6 min
[OUTPUT] Raw per-run results CSV written to: results/benchmark_10seeds.csv
[OUTPUT] Plot 1 saved to: fig_sync_vs_drop.png
[OUTPUT] Plot 2 saved to: fig_energy_vs_drop.png

% ============================================================================
% Table 1: IEEE/Springer Booktabs Table (Severe 80% Drop-Rate Metrics)
% ============================================================================
\begin{table}[htbp]
\centering
\caption{Empirical Swarm Benchmarks under Severe 80\% Burst Packet Loss}
\label{tab:swarm_benchmarks_80drop}
\begin{tabular}{lccccc}
\toprule
\textbf{Protocol Paradigm} & \textbf{DPR (\%)} & \textbf{Delivery Rate (\%)} & \textbf{State Sync (\%)} & \textbf{Bandwidth (KB)} & \textbf{Energy (kJ)} \\
\midrule
Gossip Protocol (Baseline 1)   & 100.0\% & 18.5\% \pm 0.2\% & 7.5\% \pm 0.1\% & 1550.9 KB \pm 33.7 KB & 79.40 kJ \pm 1.73 kJ \\
Epidemic Routing (Baseline 2)  & 100.0\% & 18.1\% \pm 0.2\% & 78.5\% \pm 0.4\% & 103144.5 KB \pm 1253.6 KB & 5281.00 kJ \pm 64.18 kJ \\
\textbf{Agentic SLM (Proposed)} & \textbf{99.6\% \pm 0.1\%} & \textbf{51.3\% \pm 0.6\%} & \textbf{37.5\% \pm 1.1\%} & \textbf{7312.6 KB \pm 196.8 KB} & \textbf{375.15 kJ \pm 10.08 kJ} \\
\bottomrule
\end{tabular}
\end{table}

[WANDB] Run closed, artifacts uploaded.
