wandb: [wandb.login()] Loaded credentials for https://api.wandb.ai from WANDB_API_KEY.
wandb: Currently logged in as: aadisharma (aadis-legendary) to https://api.wandb.ai. Use `wandb login --relogin` to force relogin
wandb: setting up run uo8vhdhy
wandb: Tracking run with wandb version 0.29.0
wandb: Run data is saved locally in /home/faculty/srmist1/Swarm-coord-in-ddil/wandb/run-20260905_163413-uo8vhdhy
wandb: Run `wandb offline` to turn off syncing.
wandb: Syncing run sensitivity-N50-t100
wandb: ⭐️ View project at https://wandb.ai/aadis-legendary/incis2027-ddil
wandb: 🚀 View run at https://wandb.ai/aadis-legendary/incis2027-ddil/runs/uo8vhdhy
wandb: uploading artifact sensitivity_10seeds.csv; updating run metadata
wandb: uploading artifact sensitivity_10seeds.csv
wandb: uploading output.log; uploading wandb-summary.json; uploading config.yaml
wandb: uploading output.log; uploading config.yaml
wandb: 
wandb: Run history:
wandb:   delivery_pct ██████▄▅▄▅▁▁▁███▅▅▄▄▄▄▁▁▁█████▅▅▄▄▅▅▅▁▁▁
wandb:        dpr_pct ▃▆▂▆▁▆▅▆▅▂▃▅▆▇▆▄▇▇▇▁▂▃▇▃▃▅▆█▁▃▇▇▆▃▅█▂▂▅▅
wandb: drift_failures ▁▁▁▂▂▁▂▂▁▂▁▁▁▂▁▁▁▁▂▂▂▁▁▁▂▂▁▆▆█▅█▅▇▇▆▆█▅▅
wandb:      drop_rate ▁▁▁▁▁▅▅▅▅▅▅▅███▁▁▁▁▁▅▅▅█████▁▁▁▁▁▅▅█████
wandb: gate_pass_rate ███▇█▇▇██▇██▇▇▆▇▇███▇▆▇▇█▇█▃▃▃▁▂▄▂▄▄▃▃▂▄
wandb:      ips_score ▂▃▂▃▁▃▃▂▁▁▃▃▁▃▃▃▂▁▃▃▃▂▃▃▂▇███▇▇██▇█▇██▇▇
wandb:  ips_threshold ▁▁▁▁▁▁▁▁▁▁▁▁▁▁▁▁▅▅▅▅▅▅▅▅▅▅▅▅▅███████████
wandb:  llm_fallbacks █▄▇▆▇▄▇█▇▇▄▁▆▁█▇▇█▄▁▄█▆▇█▇█▄▁▄▇▇▁█▄▇▆▇▇▄
wandb:           seed ▃▅▆▇█▂▃▄▅▆▃▄▆▇█▃▃▅▇█▃▃▅▆▇▃▃▆█▂▇▁▂▄▆█▃▃▅█
wandb:       sync_pct ████▇▅▅▅▄▂▂▁▁██████▅▅▄▄▂▁▂▂▁▁▇▅▅▅▅▅▁▂▁▂▁
wandb: 
wandb: Run summary:
wandb:   delivery_pct 49.86
wandb:        dpr_pct 99.53
wandb: drift_failures 138
wandb:      drop_rate 0.8
wandb: gate_pass_rate 0.9446
wandb:      ips_score 0.9946
wandb:  ips_threshold 0.98
wandb:  llm_fallbacks 2490
wandb:           seed 51
wandb:       sync_pct 32.53
wandb: 
wandb: 🚀 View run sensitivity-N50-t100 at: https://wandb.ai/aadis-legendary/incis2027-ddil/runs/uo8vhdhy
wandb: ⭐️ View project at: https://wandb.ai/aadis-legendary/incis2027-ddil
wandb: Synced 5 W&B file(s), 0 media file(s), 2 artifact file(s) and 0 other file(s)
wandb: Find logs at: ./wandb/run-20260905_163413-uo8vhdhy/logs

============================================================================
  IPS THRESHOLD SENSITIVITY EXPERIMENT (theta in {0.90, 0.95, 0.98})
============================================================================
[WANDB] Logging 'sensitivity' -> project 'incis2027-ddil'
  [theta=0.90 | Drop 0%] DPR: 99.6% | Sync: 82.1% | Deliv: 95.6% | MeanIPS: 0.994
  [theta=0.90 | Drop 40%] DPR: 99.6% | Sync: 61.1% | Deliv: 73.0% | MeanIPS: 0.994
  [theta=0.90 | Drop 80%] DPR: 99.6% | Sync: 37.4% | Deliv: 51.4% | MeanIPS: 0.994
  [theta=0.95 | Drop 0%] DPR: 99.6% | Sync: 82.7% | Deliv: 96.0% | MeanIPS: 0.994
  [theta=0.95 | Drop 40%] DPR: 99.6% | Sync: 61.0% | Deliv: 73.0% | MeanIPS: 0.994
  [theta=0.95 | Drop 80%] DPR: 99.6% | Sync: 37.5% | Deliv: 51.3% | MeanIPS: 0.994
  [theta=0.98 | Drop 0%] DPR: 99.6% | Sync: 82.4% | Deliv: 95.8% | MeanIPS: 0.995
  [theta=0.98 | Drop 40%] DPR: 99.6% | Sync: 61.2% | Deliv: 73.0% | MeanIPS: 0.995
  [theta=0.98 | Drop 80%] DPR: 99.6% | Sync: 37.8% | Deliv: 51.7% | MeanIPS: 0.995
[OUTPUT] Sensitivity per-run results CSV written to: results/sensitivity_10seeds.csv
[WANDB] Run closed, artifacts uploaded.
